<html>
<body>
<pre>
<h1>µVision Build Log</h1>
<h2>Tool Versions:</h2>
IDE-Version: ¦ÌVision V5.33.0.0
Copyright (C) 2020 ARM Ltd and ARM Germany GmbH. All rights reserved.
License Information: 1 1, 1, LIC=X96CK-Z7XW4-632MB-2B8YV-81HVI-K4P51
 
Tool Versions:
Toolchain:       MDK-ARM Plus  Version: 5.33.0.0
Toolchain Path:  F:\keil5\ARM\ARMCC\Bin
C Compiler:      Armcc.exe V5.06 update 7 (build 960)
Assembler:       Armasm.exe V5.06 update 7 (build 960)
Linker/Locator:  ArmLink.exe V5.06 update 7 (build 960)
Library Manager: ArmAr.exe V5.06 update 7 (build 960)
Hex Converter:   FromElf.exe V5.06 update 7 (build 960)
CPU DLL:         SARMCM3.DLL V5.33.0.0
Dialog DLL:      DCM.DLL V1.17.3.0
Target DLL:      UL2CM3.DLL V1.163.9.0
Dialog DLL:      TCM.DLL V1.48.0.0
 
<h2>Project:</h2>
E:\32pro\²âÊÔ´®¿Ú\USER\Template.uvprojx
Project File Date:  05/10/2022

<h2>Output:</h2>
*** Using Compiler 'V5.06 update 7 (build 960)', folder: 'F:\keil5\ARM\ARMCC\Bin'
Rebuild target 'Template'
compiling core_cm3.c...
assembling startup_stm32f10x_hd.s...
compiling delay.c...
compiling stm32f10x_it.c...
compiling main.c...
..\SYSTEM\usart\usart.h(17): warning:  #1-D: last line of file ends without a newline
   
main.c(41): warning:  #167-D: argument of type "char *" is incompatible with parameter of type "u8 *"
  			Gui_DrawFont_GBK16(10,90,BLUE,GRAY0, msg);
main.c(14): warning:  #177-D: variable "times"  was declared but never referenced
  	u16 times=0;
main.c(59): warning:  #1-D: last line of file ends without a newline
   
main.c: 4 warnings, 0 errors
compiling system_stm32f10x.c...
compiling usart.c...
..\SYSTEM\usart\usart.h(17): warning:  #1-D: last line of file ends without a newline
   
..\SYSTEM\usart\usart.c(218): warning:  #1-D: last line of file ends without a newline
   
..\SYSTEM\usart\usart.c: 2 warnings, 0 errors
compiling sys.c...
compiling misc.c...
compiling stm32f10x_crc.c...
compiling stm32f10x_bkp.c...
compiling stm32f10x_dac.c...
compiling stm32f10x_cec.c...
compiling stm32f10x_adc.c...
compiling stm32f10x_can.c...
compiling stm32f10x_dbgmcu.c...
compiling stm32f10x_iwdg.c...
compiling stm32f10x_dma.c...
compiling stm32f10x_exti.c...
compiling stm32f10x_gpio.c...
compiling stm32f10x_fsmc.c...
compiling stm32f10x_i2c.c...
compiling stm32f10x_flash.c...
compiling stm32f10x_rtc.c...
compiling stm32f10x_pwr.c...
compiling stm32f10x_usart.c...
compiling stm32f10x_spi.c...
compiling stm32f10x_sdio.c...
compiling stm32f10x_rcc.c...
compiling stm32f10x_tim.c...
compiling led.c...
compiling stm32f10x_wwdg.c...
compiling key.c...
compiling QDTFT_demo.c...
compiling Lcd_Driver.c...
compiling GUI.c...
linking...
Program Size: Code=5144 RO-data=5456 RW-data=52 ZI-data=1836  
FromELF: creating hex file...
"..\OBJ\Template.axf" - 0 Error(s), 6 Warning(s).

<h2>Software Packages used:</h2>

Package Vendor: Keil
                http://www.keil.com/pack/Keil.STM32F1xx_DFP.2.1.0.pack
                Keil.STM32F1xx_DFP.2.1.0
                STMicroelectronics STM32F1 Series Device Support, Drivers and Examples

<h2>Collection of Component include folders:</h2>
  F:\keilpack\Keil\STM32F1xx_DFP\2.1.0\Device\Include

<h2>Collection of Component Files used:</h2>
Build Time Elapsed:  00:00:06
</pre>
</body>
</html>
